задание: 2.1.3
проект: 211-command-usb
устройство: 2e8a:000a
серийный номер: E6616408432A1534
порт: COM16
начало: 2026-09-24T19:06:56
   0.000 --> mem_info
   0.164 <-- mem_info
   0.165 <-- area    start   end     size
   0.165 <-- flash      0x10000000 0x10200000  2097152
   0.166 <-- sram       0x20000000 0x20042000   270336
   0.166 <-- rom        0x00000000 0x00004000    16384
   0.167 <-- image      0x10000000 0x100083fc    33788
   0.167 <-- free       0x100083fc 0x10200000  2063364
   0.168 <-- boot2      0x10000000 0x10000100      256
   0.168 <-- text       0x10000100 0x1000748c    29580
   0.169 <-- data flash 0x1000748c 0x100083fc     3952
   0.170 <-- data ram   0x200000c0 0x20001030     3952
   0.170 <-- bss        0x20001030 0x20001c6c     3132
   0.170 <-- heap       0x20001c6c 0x20040000   254868
   0.171 <-- stack      0x20041800 0x20042000     2048
   0.171 <-- total
   0.172 <-- flash image    33788 = boot2 256 + text 29580 + data 3952
   0.172 <-- flash free   2063364 of 2097152
   0.173 <-- ram used        7084 = data 3952 + bss 3132
   0.173 <-- ram free      254868 for heap and 2048 for stack
итог: отправлено команд 1, принято строк 19
