задание: 2.1.6
проект: 211-command-usb
устройство: 2e8a:000a
серийный номер: 07230C15195058CD
порт: COM18
начало: 2026-09-27T15:14:43
   0.000 --> boot_info
   0.200 <-- boot_info
   0.200 <-- vector table   0x10000100
   0.201 <-- stack top    0x20042000
   0.201 <-- reset        0x100001f7
   0.202 <-- reset (even) 0x100001f6
   0.202 <-- gpio in        0xd0000004
   0.202 <-- led bit      0
   0.203 <-- gpio_get     0
   2.249 --> enable
   2.381 <-- enable
   2.381 <-- inf cmd_enable:31 led on
   4.405 --> boot_info
   4.602 <-- boot_info
   4.602 <-- vector table   0x10000100
   4.603 <-- stack top    0x20042000
   4.603 <-- reset        0x100001f7
   4.603 <-- reset (even) 0x100001f6
   4.604 <-- gpio in        0xd0000004
   4.604 <-- led bit      1
   4.604 <-- gpio_get     1
   6.643 --> disable
   6.803 <-- disable
   6.804 <-- inf cmd_disable:37 led off
   8.853 --> boot_info
   9.043 <-- boot_info
   9.044 <-- vector table   0x10000100
   9.044 <-- stack top    0x20042000
   9.045 <-- reset        0x100001f7
   9.045 <-- reset (even) 0x100001f6
   9.045 <-- gpio in        0xd0000004
   9.045 <-- led bit      0
   9.046 <-- gpio_get     0
итог: отправлено команд 5, принято строк 28
